# さくらのVPSでHDD2台目が..

1.5GBプランでUbuntu入れた後なぜか認識せず、諦めかけてrebootしたら認識した、なぜからしら。

CentOSの/homeがそのまま残っていたけどとりあえずフォーマットはしていない、ext3だったからext4にしようかと思っている。

## sudo fdisk -l
    Disk /dev/sdb: 32.2 GB, 32212254720 bytes
    255 heads, 63 sectors/track, 3916 cylinders
    Units = cylinders of 16065 * 512 = 8225280 bytes
    Sector size (logical/physical): 512 bytes / 512 bytes
    I/O size (minimum/optimal): 512 bytes / 512 bytes
    Disk identifier: 0x00082bda

       Device Boot      Start         End      Blocks   Id  System
    /dev/sdb1               1        3824    30710937+  83  Linux
    /dev/sdb2            3824        3917      744449    5  Extended
    /dev/sdb5            3824        3917      744448   82  Linux swap / Solaris

    Disk /dev/sda: 21.5 GB, 21474836480 bytes
    255 heads, 63 sectors/track, 2610 cylinders
    Units = cylinders of 16065 * 512 = 8225280 bytes
    Sector size (logical/physical): 512 bytes / 512 bytes
    I/O size (minimum/optimal): 512 bytes / 512 bytes
    Disk identifier: 0x0003bb07

       Device Boot      Start         End      Blocks   Id  System
    /dev/sda1   *           1        2497    20051968   83  Linux
    /dev/sda2            2497        2611      916481    5  Extended
    /dev/sda5            2497        2611      916480   82  Linux swap / Solaris

## sudo blkid /dev/sdb1
    /dev/sdb1: LABEL="/home" UUID="510f7e56-c49e-4970-af0a-1cd3f9257d28" SEC_TYPE="ext2" TYPE="ext3"

## sudo vi /etv/fstab
    # 追記
    UUID=510f7e56-c49e-4970-af0a-1cd3f9257d28 /data ext3    defaults  0  0
